[debug] [2026-08-16T12:07:19.468Z] ----------------------------------------------------------------------
[debug] [2026-08-16T12:07:19.470Z] Command:       /Users/bogdangajevic/.nvm/versions/node/v22.21.1/bin/node /Users/bogdangajevic/.nvm/versions/node/v22.21.1/bin/firebase deploy
[debug] [2026-08-16T12:07:19.470Z] CLI Version:   15.22.3
[debug] [2026-08-16T12:07:19.470Z] Platform:      darwin
[debug] [2026-08-16T12:07:19.470Z] Node Version:  v22.21.1
[debug] [2026-08-16T12:07:19.470Z] Detected Agent: unknown
[debug] [2026-08-16T12:07:19.470Z] Time:          Sun Aug 16 2026 14:07:19 GMT+0200 (Central European Summer Time)
[debug] [2026-08-16T12:07:19.470Z] ----------------------------------------------------------------------
[debug] 
[debug] [2026-08-16T12:07:19.471Z] >>> [apiv2][query] GET https://firebase-public.firebaseio.com/cli.json [none]
[debug] [2026-08-16T12:07:20.293Z] > command requires scopes: ["email","openid","https://www.googleapis.com/auth/cloudplatformprojects.readonly","https://www.googleapis.com/auth/firebase","https://www.googleapis.com/auth/cloud-platform"]
[debug] [2026-08-16T12:07:20.293Z] > authorizing via signed-in user (bogdanmdupit@gmail.com)
[debug] [2026-08-16T12:07:20.293Z] [iam] checking project aupd-bp for permissions ["cloudfunctions.functions.create","cloudfunctions.functions.delete","cloudfunctions.functions.get","cloudfunctions.functions.list","cloudfunctions.functions.update","cloudfunctions.operations.get","datastore.indexes.create","datastore.indexes.delete","datastore.indexes.list","datastore.indexes.update","firebase.projects.get","firebasehosting.sites.update","firebaserules.releases.create","firebaserules.releases.update","firebaserules.rulesets.create"]
[debug] [2026-08-16T12:07:20.293Z] Checked if tokens are valid: false, expires at: 1786376950929
[debug] [2026-08-16T12:07:20.293Z] Checked if tokens are valid: false, expires at: 1786376950929
[debug] [2026-08-16T12:07:20.293Z] > refreshing access token with scopes: []
[debug] [2026-08-16T12:07:20.294Z] >>> [apiv2][query] POST https://www.googleapis.com/oauth2/v3/token [none]
[debug] [2026-08-16T12:07:20.294Z] >>> [apiv2][body] POST https://www.googleapis.com/oauth2/v3/token [omitted]
[debug] [2026-08-16T12:07:20.725Z] <<< [apiv2][status] POST https://www.googleapis.com/oauth2/v3/token 200
[debug] [2026-08-16T12:07:20.726Z] <<< [apiv2][body] POST https://www.googleapis.com/oauth2/v3/token [omitted]
[debug] [2026-08-16T12:07:20.739Z] >>> [apiv2][query] POST https://cloudresourcemanager.googleapis.com/v1/projects/aupd-bp:testIamPermissions [none]
[debug] [2026-08-16T12:07:20.740Z] >>> [apiv2][(partial)header] POST https://cloudresourcemanager.googleapis.com/v1/projects/aupd-bp:testIamPermissions  x-goog-user-project=aupd-bp
[debug] [2026-08-16T12:07:20.740Z] >>> [apiv2][body] POST https://cloudresourcemanager.googleapis.com/v1/projects/aupd-bp:testIamPermissions {"permissions":["cloudfunctions.functions.create","cloudfunctions.functions.delete","cloudfunctions.functions.get","cloudfunctions.functions.list","cloudfunctions.functions.update","cloudfunctions.operations.get","datastore.indexes.create","datastore.indexes.delete","datastore.indexes.list","datastore.indexes.update","firebase.projects.get","firebasehosting.sites.update","firebaserules.releases.create","firebaserules.releases.update","firebaserules.rulesets.create"]}
[debug] [2026-08-16T12:07:20.841Z] <<< [apiv2][status] GET https://firebase-public.firebaseio.com/cli.json 200
[debug] [2026-08-16T12:07:20.841Z] <<< [apiv2][body] GET https://firebase-public.firebaseio.com/cli.json {"cloudBuildErrorAfter":1594252800000,"cloudBuildWarnAfter":1590019200000,"defaultNode10After":1594252800000,"minVersion":"3.0.5","node8DeploysDisabledAfter":1613390400000,"node8RuntimeDisabledAfter":1615809600000,"node8WarnAfter":1600128000000}
[debug] [2026-08-16T12:07:21.812Z] <<< [apiv2][status] POST https://cloudresourcemanager.googleapis.com/v1/projects/aupd-bp:testIamPermissions 200
[debug] [2026-08-16T12:07:21.812Z] <<< [apiv2][body] POST https://cloudresourcemanager.googleapis.com/v1/projects/aupd-bp:testIamPermissions {"permissions":["cloudfunctions.functions.create","cloudfunctions.functions.delete","cloudfunctions.functions.get","cloudfunctions.functions.list","cloudfunctions.functions.update","cloudfunctions.operations.get","datastore.indexes.create","datastore.indexes.delete","datastore.indexes.list","datastore.indexes.update","firebase.projects.get","firebasehosting.sites.update","firebaserules.releases.create","firebaserules.releases.update","firebaserules.rulesets.create"]}
[debug] [2026-08-16T12:07:21.813Z] Checked if tokens are valid: true, expires at: 1786885639726
[debug] [2026-08-16T12:07:21.813Z] Checked if tokens are valid: true, expires at: 1786885639726
[debug] [2026-08-16T12:07:21.813Z] >>> [apiv2][query] POST https://iam.googleapis.com/v1/projects/aupd-bp/serviceAccounts/aupd-bp@appspot.gserviceaccount.com:testIamPermissions [none]
[debug] [2026-08-16T12:07:21.813Z] >>> [apiv2][body] POST https://iam.googleapis.com/v1/projects/aupd-bp/serviceAccounts/aupd-bp@appspot.gserviceaccount.com:testIamPermissions {"permissions":["iam.serviceAccounts.actAs"]}
[debug] [2026-08-16T12:07:22.971Z] <<< [apiv2][status] POST https://iam.googleapis.com/v1/projects/aupd-bp/serviceAccounts/aupd-bp@appspot.gserviceaccount.com:testIamPermissions 404
[debug] [2026-08-16T12:07:22.971Z] <<< [apiv2][body] POST https://iam.googleapis.com/v1/projects/aupd-bp/serviceAccounts/aupd-bp@appspot.gserviceaccount.com:testIamPermissions {"error":{"code":404,"message":"Unknown service account","status":"NOT_FOUND"}}
[debug] [2026-08-16T12:07:22.972Z] [functions] service account IAM check errored, deploy may fail: Request to https://iam.googleapis.com/v1/projects/aupd-bp/serviceAccounts/aupd-bp@appspot.gserviceaccount.com:testIamPermissions had HTTP Error: 404, Unknown service account {"name":"FirebaseError","children":[],"context":{"body":{"error":{"code":404,"message":"Unknown service account","status":"NOT_FOUND"}},"response":{"statusCode":404}},"exit":1,"message":"Request to https://iam.googleapis.com/v1/projects/aupd-bp/serviceAccounts/aupd-bp@appspot.gserviceaccount.com:testIamPermissions had HTTP Error: 404, Unknown service account","status":404}
[debug] [2026-08-16T12:07:22.973Z] Checked if tokens are valid: true, expires at: 1786885639726
[debug] [2026-08-16T12:07:22.974Z] Checked if tokens are valid: true, expires at: 1786885639726
[debug] [2026-08-16T12:07:22.974Z] >>> [apiv2][query] GET https://firebase.googleapis.com/v1beta1/projects/aupd-bp [none]
[debug] [2026-08-16T12:07:23.583Z] <<< [apiv2][status] GET https://firebase.googleapis.com/v1beta1/projects/aupd-bp 200
[debug] [2026-08-16T12:07:23.583Z] <<< [apiv2][body] GET https://firebase.googleapis.com/v1beta1/projects/aupd-bp {"projectId":"aupd-bp","projectNumber":"1030232157279","displayName":"aupd-bp","name":"projects/aupd-bp","resources":{"hostingSite":"aupd-bp"},"state":"ACTIVE","labels":{"firebase":"enabled","firebase/storage-default-bucket":"created"},"etag":"1_05b84dfa-ffeb-4de7-b59c-920a477c351e"}
[info] 
[info] === Deploying to 'aupd-bp'...
[info] 
[info] i  deploying storage, firestore, functions, hosting 
[info] i  storage: ensuring required API firebasestorage.googleapis.com is enabled... 
[debug] [2026-08-16T12:07:23.589Z] Checked if tokens are valid: true, expires at: 1786885639726
[debug] [2026-08-16T12:07:23.589Z] Checked if tokens are valid: true, expires at: 1786885639726
[debug] [2026-08-16T12:07:23.589Z] >>> [apiv2][query] GET https://firebasestorage.googleapis.com/v1alpha/projects/aupd-bp/defaultBucket [none]
[debug] [2026-08-16T12:07:24.504Z] <<< [apiv2][status] GET https://firebasestorage.googleapis.com/v1alpha/projects/aupd-bp/defaultBucket 200
[debug] [2026-08-16T12:07:24.505Z] <<< [apiv2][body] GET https://firebasestorage.googleapis.com/v1alpha/projects/aupd-bp/defaultBucket {"name":"projects/aupd-bp/defaultBucket","location":"US-EAST1","bucket":{"name":"projects/aupd-bp/buckets/aupd-bp.firebasestorage.app"},"storageClass":"REGIONAL"}
[info] i  firebase.storage: checking storage.rules for compilation errors... 
[debug] [2026-08-16T12:07:24.508Z] Checked if tokens are valid: true, expires at: 1786885639726
[debug] [2026-08-16T12:07:24.509Z] Checked if tokens are valid: true, expires at: 1786885639726
[debug] [2026-08-16T12:07:24.509Z] >>> [apiv2][query] POST https://firebaserules.googleapis.com/v1/projects/aupd-bp:test [none]
[debug] [2026-08-16T12:07:24.509Z] >>> [apiv2][body] POST https://firebaserules.googleapis.com/v1/projects/aupd-bp:test [omitted]
[debug] [2026-08-16T12:07:25.565Z] <<< [apiv2][status] POST https://firebaserules.googleapis.com/v1/projects/aupd-bp:test 200
[debug] [2026-08-16T12:07:25.566Z] <<< [apiv2][body] POST https://firebaserules.googleapis.com/v1/projects/aupd-bp:test {}
[info] ✔  firebase.storage: rules file storage.rules compiled successfully 
[info] i  firestore: ensuring required API firestore.googleapis.com is enabled... 
[info] i  firestore: ensuring required API firestore.googleapis.com is enabled... 
[debug] [2026-08-16T12:07:25.570Z] Checked if tokens are valid: true, expires at: 1786885639726
[debug] [2026-08-16T12:07:25.570Z] Checked if tokens are valid: true, expires at: 1786885639726
[debug] [2026-08-16T12:07:25.570Z] >>> [apiv2][query] GET https://firestore.googleapis.com/v1/projects/aupd-bp/databases/(default) [none]
[debug] [2026-08-16T12:07:26.143Z] <<< [apiv2][status] GET https://firestore.googleapis.com/v1/projects/aupd-bp/databases/(default) 200
[debug] [2026-08-16T12:07:26.143Z] <<< [apiv2][body] GET https://firestore.googleapis.com/v1/projects/aupd-bp/databases/(default) {"name":"projects/aupd-bp/databases/(default)","uid":"adc3d240-5dc2-4eda-87c3-97893a35b331","createTime":"2026-04-13T08:48:03.595980Z","updateTime":"2026-04-13T08:48:03.595980Z","locationId":"eur3","type":"FIRESTORE_NATIVE","concurrencyMode":"PESSIMISTIC","versionRetentionPeriod":"3600s","earliestVersionTime":"2026-08-16T11:07:26.452393Z","appEngineIntegrationMode":"DISABLED","keyPrefix":"e","pointInTimeRecoveryEnablement":"POINT_IN_TIME_RECOVERY_DISABLED","deleteProtectionState":"DELETE_PROTECTION_DISABLED","databaseEdition":"STANDARD","freeTier":true,"realtimeUpdatesMode":"REALTIME_UPDATES_MODE_ENABLED","etag":"IOO9ia2OpZYDMLDM+rjv4ZUD"}
[info] i  firestore: reading indexes from firestore.indexes.json... 
[info] i  cloud.firestore: checking firestore.rules for compilation errors... 
[debug] [2026-08-16T12:07:26.147Z] Checked if tokens are valid: true, expires at: 1786885639726
[debug] [2026-08-16T12:07:26.147Z] Checked if tokens are valid: true, expires at: 1786885639726
[debug] [2026-08-16T12:07:26.147Z] >>> [apiv2][query] POST https://firebaserules.googleapis.com/v1/projects/aupd-bp:test [none]
[debug] [2026-08-16T12:07:26.147Z] >>> [apiv2][body] POST https://firebaserules.googleapis.com/v1/projects/aupd-bp:test [omitted]
[debug] [2026-08-16T12:07:26.980Z] <<< [apiv2][status] POST https://firebaserules.googleapis.com/v1/projects/aupd-bp:test 200
[debug] [2026-08-16T12:07:26.980Z] <<< [apiv2][body] POST https://firebaserules.googleapis.com/v1/projects/aupd-bp:test {}
[info] ✔  cloud.firestore: rules file firestore.rules compiled successfully 
[debug] [2026-08-16T12:07:26.984Z] Checked if tokens are valid: true, expires at: 1786885639726
[debug] [2026-08-16T12:07:26.984Z] Checked if tokens are valid: true, expires at: 1786885639726
[debug] [2026-08-16T12:07:26.984Z] >>> [apiv2][query] GET https://serviceusage.googleapis.com/v1/projects/aupd-bp/services/cloudresourcemanager.googleapis.com [none]
[debug] [2026-08-16T12:07:26.984Z] >>> [apiv2][(partial)header] GET https://serviceusage.googleapis.com/v1/projects/aupd-bp/services/cloudresourcemanager.googleapis.com  x-goog-user-project=aupd-bp
[debug] [2026-08-16T12:07:28.579Z] <<< [apiv2][status] GET https://serviceusage.googleapis.com/v1/projects/aupd-bp/services/cloudresourcemanager.googleapis.com 200
[debug] [2026-08-16T12:07:28.579Z] <<< [apiv2][body] GET https://serviceusage.googleapis.com/v1/projects/aupd-bp/services/cloudresourcemanager.googleapis.com [omitted]
[debug] [2026-08-16T12:07:28.590Z] Checked if tokens are valid: true, expires at: 1786885639726
[debug] [2026-08-16T12:07:28.590Z] Checked if tokens are valid: true, expires at: 1786885639726
[debug] [2026-08-16T12:07:28.590Z] >>> [apiv2][query] GET https://cloudresourcemanager.googleapis.com/v1/projects/aupd-bp [none]
[debug] [2026-08-16T12:07:29.795Z] <<< [apiv2][status] GET https://cloudresourcemanager.googleapis.com/v1/projects/aupd-bp 200
[debug] [2026-08-16T12:07:29.795Z] <<< [apiv2][body] GET https://cloudresourcemanager.googleapis.com/v1/projects/aupd-bp {"projectNumber":"1030232157279","projectId":"aupd-bp","lifecycleState":"ACTIVE","name":"aupd-bp","labels":{"firebase":"enabled","firebase-core":"disabled"},"createTime":"2026-04-12T13:58:15.425Z"}
[info] i  functions: preparing codebase default for deployment 
[info] i  functions: ensuring required API cloudfunctions.googleapis.com is enabled... 
[debug] [2026-08-16T12:07:29.798Z] Checked if tokens are valid: true, expires at: 1786885639726
[debug] [2026-08-16T12:07:29.798Z] Checked if tokens are valid: true, expires at: 1786885639726
[debug] [2026-08-16T12:07:29.798Z] Checked if tokens are valid: true, expires at: 1786885639726
[debug] [2026-08-16T12:07:29.798Z] Checked if tokens are valid: true, expires at: 1786885639726
[info] i  functions: ensuring required API cloudbuild.googleapis.com is enabled... 
[debug] [2026-08-16T12:07:29.799Z] Checked if tokens are valid: true, expires at: 1786885639726
[debug] [2026-08-16T12:07:29.799Z] Checked if tokens are valid: true, expires at: 1786885639726
[info] i  artifactregistry: ensuring required API artifactregistry.googleapis.com is enabled... 
[debug] [2026-08-16T12:07:29.799Z] Checked if tokens are valid: true, expires at: 1786885639726
[debug] [2026-08-16T12:07:29.799Z] Checked if tokens are valid: true, expires at: 1786885639726
[debug] [2026-08-16T12:07:29.800Z] >>> [apiv2][query] GET https://serviceusage.googleapis.com/v1/projects/aupd-bp/services/cloudfunctions.googleapis.com [none]
[debug] [2026-08-16T12:07:29.800Z] >>> [apiv2][(partial)header] GET https://serviceusage.googleapis.com/v1/projects/aupd-bp/services/cloudfunctions.googleapis.com  x-goog-user-project=aupd-bp
[debug] [2026-08-16T12:07:29.801Z] >>> [apiv2][query] GET https://serviceusage.googleapis.com/v1/projects/aupd-bp/services/runtimeconfig.googleapis.com [none]
[debug] [2026-08-16T12:07:29.801Z] >>> [apiv2][(partial)header] GET https://serviceusage.googleapis.com/v1/projects/aupd-bp/services/runtimeconfig.googleapis.com  x-goog-user-project=aupd-bp
[debug] [2026-08-16T12:07:29.802Z] >>> [apiv2][query] GET https://serviceusage.googleapis.com/v1/projects/aupd-bp/services/cloudbuild.googleapis.com [none]
[debug] [2026-08-16T12:07:29.802Z] >>> [apiv2][(partial)header] GET https://serviceusage.googleapis.com/v1/projects/aupd-bp/services/cloudbuild.googleapis.com  x-goog-user-project=aupd-bp
[debug] [2026-08-16T12:07:29.803Z] >>> [apiv2][query] GET https://serviceusage.googleapis.com/v1/projects/aupd-bp/services/artifactregistry.googleapis.com [none]
[debug] [2026-08-16T12:07:29.804Z] >>> [apiv2][(partial)header] GET https://serviceusage.googleapis.com/v1/projects/aupd-bp/services/artifactregistry.googleapis.com  x-goog-user-project=aupd-bp
[debug] [2026-08-16T12:07:30.898Z] <<< [apiv2][status] GET https://serviceusage.googleapis.com/v1/projects/aupd-bp/services/cloudfunctions.googleapis.com 200
[debug] [2026-08-16T12:07:30.899Z] <<< [apiv2][body] GET https://serviceusage.googleapis.com/v1/projects/aupd-bp/services/cloudfunctions.googleapis.com [omitted]
[warn] ⚠  functions: missing required API cloudfunctions.googleapis.com. Enabling now... 
[debug] [2026-08-16T12:07:30.900Z] Checked if tokens are valid: true, expires at: 1786885639726
[debug] [2026-08-16T12:07:30.900Z] Checked if tokens are valid: true, expires at: 1786885639726
[debug] [2026-08-16T12:07:30.900Z] >>> [apiv2][query] POST https://serviceusage.googleapis.com/v1/projects/aupd-bp/services/cloudfunctions.googleapis.com:enable [none]
[debug] [2026-08-16T12:07:30.900Z] >>> [apiv2][(partial)header] POST https://serviceusage.googleapis.com/v1/projects/aupd-bp/services/cloudfunctions.googleapis.com:enable  x-goog-user-project=aupd-bp
[debug] [2026-08-16T12:07:31.336Z] <<< [apiv2][status] GET https://serviceusage.googleapis.com/v1/projects/aupd-bp/services/artifactregistry.googleapis.com 200
[debug] [2026-08-16T12:07:31.336Z] <<< [apiv2][body] GET https://serviceusage.googleapis.com/v1/projects/aupd-bp/services/artifactregistry.googleapis.com [omitted]
[warn] ⚠  artifactregistry: missing required API artifactregistry.googleapis.com. Enabling now... 
[debug] [2026-08-16T12:07:31.337Z] Checked if tokens are valid: true, expires at: 1786885639726
[debug] [2026-08-16T12:07:31.337Z] Checked if tokens are valid: true, expires at: 1786885639726
[debug] [2026-08-16T12:07:31.337Z] >>> [apiv2][query] POST https://serviceusage.googleapis.com/v1/projects/aupd-bp/services/artifactregistry.googleapis.com:enable [none]
[debug] [2026-08-16T12:07:31.337Z] >>> [apiv2][(partial)header] POST https://serviceusage.googleapis.com/v1/projects/aupd-bp/services/artifactregistry.googleapis.com:enable  x-goog-user-project=aupd-bp
[debug] [2026-08-16T12:07:31.339Z] <<< [apiv2][status] GET https://serviceusage.googleapis.com/v1/projects/aupd-bp/services/runtimeconfig.googleapis.com 200
[debug] [2026-08-16T12:07:31.339Z] <<< [apiv2][body] GET https://serviceusage.googleapis.com/v1/projects/aupd-bp/services/runtimeconfig.googleapis.com [omitted]
[debug] [2026-08-16T12:07:31.347Z] <<< [apiv2][status] GET https://serviceusage.googleapis.com/v1/projects/aupd-bp/services/cloudbuild.googleapis.com 200
[debug] [2026-08-16T12:07:31.347Z] <<< [apiv2][body] GET https://serviceusage.googleapis.com/v1/projects/aupd-bp/services/cloudbuild.googleapis.com [omitted]
[warn] ⚠  functions: missing required API cloudbuild.googleapis.com. Enabling now... 
[debug] [2026-08-16T12:07:31.347Z] Checked if tokens are valid: true, expires at: 1786885639726
[debug] [2026-08-16T12:07:31.347Z] Checked if tokens are valid: true, expires at: 1786885639726
[debug] [2026-08-16T12:07:31.347Z] >>> [apiv2][query] POST https://serviceusage.googleapis.com/v1/projects/aupd-bp/services/cloudbuild.googleapis.com:enable [none]
[debug] [2026-08-16T12:07:31.347Z] >>> [apiv2][(partial)header] POST https://serviceusage.googleapis.com/v1/projects/aupd-bp/services/cloudbuild.googleapis.com:enable  x-goog-user-project=aupd-bp
[debug] [2026-08-16T12:07:31.631Z] <<< [apiv2][status] POST https://serviceusage.googleapis.com/v1/projects/aupd-bp/services/cloudfunctions.googleapis.com:enable 200
[debug] [2026-08-16T12:07:31.632Z] <<< [apiv2][body] POST https://serviceusage.googleapis.com/v1/projects/aupd-bp/services/cloudfunctions.googleapis.com:enable [omitted]
[debug] [2026-08-16T12:07:33.001Z] <<< [apiv2][status] POST https://serviceusage.googleapis.com/v1/projects/aupd-bp/services/artifactregistry.googleapis.com:enable 200
[debug] [2026-08-16T12:07:33.001Z] <<< [apiv2][body] POST https://serviceusage.googleapis.com/v1/projects/aupd-bp/services/artifactregistry.googleapis.com:enable [omitted]
[debug] [2026-08-16T12:07:33.009Z] <<< [apiv2][status] POST https://serviceusage.googleapis.com/v1/projects/aupd-bp/services/cloudbuild.googleapis.com:enable 200
[debug] [2026-08-16T12:07:33.009Z] <<< [apiv2][body] POST https://serviceusage.googleapis.com/v1/projects/aupd-bp/services/cloudbuild.googleapis.com:enable [omitted]
[debug] [2026-08-16T12:07:43.013Z] Checked if tokens are valid: true, expires at: 1786885639726
[debug] [2026-08-16T12:07:43.014Z] Checked if tokens are valid: true, expires at: 1786885639726
[debug] [2026-08-16T12:07:43.014Z] >>> [apiv2][query] GET https://firebase.googleapis.com/v1beta1/projects/aupd-bp/adminSdkConfig [none]
[debug] [2026-08-16T12:07:43.776Z] <<< [apiv2][status] GET https://firebase.googleapis.com/v1beta1/projects/aupd-bp/adminSdkConfig 200
[debug] [2026-08-16T12:07:43.777Z] <<< [apiv2][body] GET https://firebase.googleapis.com/v1beta1/projects/aupd-bp/adminSdkConfig {"projectId":"aupd-bp","storageBucket":"aupd-bp.firebasestorage.app"}
[debug] [2026-08-16T12:07:43.778Z] Checked if tokens are valid: true, expires at: 1786885639726
[debug] [2026-08-16T12:07:43.778Z] Checked if tokens are valid: true, expires at: 1786885639726
[debug] [2026-08-16T12:07:43.778Z] >>> [apiv2][query] GET https://runtimeconfig.googleapis.com/v1beta1/projects/aupd-bp/configs [none]
[debug] [2026-08-16T12:07:44.383Z] <<< [apiv2][status] GET https://runtimeconfig.googleapis.com/v1beta1/projects/aupd-bp/configs 200
[debug] [2026-08-16T12:07:44.384Z] <<< [apiv2][body] GET https://runtimeconfig.googleapis.com/v1beta1/projects/aupd-bp/configs {}
[debug] [2026-08-16T12:07:44.386Z] Validating nodejs source
[warn] ⚠  functions: Runtime Node.js 20 was deprecated on 2026-04-30 and will be decommissioned on 2026-10-30, after which you will not be able to deploy without upgrading. Consider upgrading now to avoid disruption. See https://cloud.google.com/functions/docs/runtime-support for full details on the lifecycle policy 
[warn] ⚠  functions: Couldn't find firebase-functions package in your source code. Have you run 'npm install'? 
[debug] [2026-08-16T12:07:44.387Z] getFunctionsSDKVersion encountered error: Cannot find module 'firebase-functions'
Require stack:
- /Users/bogdangajevic/.nvm/versions/node/v22.21.1/lib/node_modules/firebase-tools/lib/deploy/functions/runtimes/node/versioning.js
- /Users/bogdangajevic/.nvm/versions/node/v22.21.1/lib/node_modules/firebase-tools/lib/deploy/functions/runtimes/node/index.js
- /Users/bogdangajevic/.nvm/versions/node/v22.21.1/lib/node_modules/firebase-tools/lib/deploy/functions/runtimes/index.js
- /Users/bogdangajevic/.nvm/versions/node/v22.21.1/lib/node_modules/firebase-tools/lib/deploy/functions/prepare.js
- /Users/bogdangajevic/.nvm/versions/node/v22.21.1/lib/node_modules/firebase-tools/lib/emulator/functionsEmulatorShared.js
- /Users/bogdangajevic/.nvm/versions/node/v22.21.1/lib/node_modules/firebase-tools/lib/frameworks/index.js
- /Users/bogdangajevic/.nvm/versions/node/v22.21.1/lib/node_modules/firebase-tools/lib/deploy/hosting/prepare.js
- /Users/bogdangajevic/.nvm/versions/node/v22.21.1/lib/node_modules/firebase-tools/lib/deploy/hosting/index.js
- /Users/bogdangajevic/.nvm/versions/node/v22.21.1/lib/node_modules/firebase-tools/lib/deploy/index.js
- /Users/bogdangajevic/.nvm/versions/node/v22.21.1/lib/node_modules/firebase-tools/lib/commands/deploy.js
- /Users/bogdangajevic/.nvm/versions/node/v22.21.1/lib/node_modules/firebase-tools/lib/commands/index.js
- /Users/bogdangajevic/.nvm/versions/node/v22.21.1/lib/node_modules/firebase-tools/lib/index.js
- /Users/bogdangajevic/.nvm/versions/node/v22.21.1/lib/node_modules/firebase-tools/lib/bin/cli.js
- /Users/bogdangajevic/.nvm/versions/node/v22.21.1/lib/node_modules/firebase-tools/lib/bin/firebase.js {"code":"MODULE_NOT_FOUND","requireStack":["/Users/bogdangajevic/.nvm/versions/node/v22.21.1/lib/node_modules/firebase-tools/lib/deploy/functions/runtimes/node/versioning.js","/Users/bogdangajevic/.nvm/versions/node/v22.21.1/lib/node_modules/firebase-tools/lib/deploy/functions/runtimes/node/index.js","/Users/bogdangajevic/.nvm/versions/node/v22.21.1/lib/node_modules/firebase-tools/lib/deploy/functions/runtimes/index.js","/Users/bogdangajevic/.nvm/versions/node/v22.21.1/lib/node_modules/firebase-tools/lib/deploy/functions/prepare.js","/Users/bogdangajevic/.nvm/versions/node/v22.21.1/lib/node_modules/firebase-tools/lib/emulator/functionsEmulatorShared.js","/Users/bogdangajevic/.nvm/versions/node/v22.21.1/lib/node_modules/firebase-tools/lib/frameworks/index.js","/Users/bogdangajevic/.nvm/versions/node/v22.21.1/lib/node_modules/firebase-tools/lib/deploy/hosting/prepare.js","/Users/bogdangajevic/.nvm/versions/node/v22.21.1/lib/node_modules/firebase-tools/lib/deploy/hosting/index.js","/Users/bogdangajevic/.nvm/versions/node/v22.21.1/lib/node_modules/firebase-tools/lib/deploy/index.js","/Users/bogdangajevic/.nvm/versions/node/v22.21.1/lib/node_modules/firebase-tools/lib/commands/deploy.js","/Users/bogdangajevic/.nvm/versions/node/v22.21.1/lib/node_modules/firebase-tools/lib/commands/index.js","/Users/bogdangajevic/.nvm/versions/node/v22.21.1/lib/node_modules/firebase-tools/lib/index.js","/Users/bogdangajevic/.nvm/versions/node/v22.21.1/lib/node_modules/firebase-tools/lib/bin/cli.js","/Users/bogdangajevic/.nvm/versions/node/v22.21.1/lib/node_modules/firebase-tools/lib/bin/firebase.js"]}
[debug] [2026-08-16T12:07:44.390Z] checkFunctionsSDKVersion encountered error: Invalid Version:  {}
[debug] [2026-08-16T12:07:44.391Z] > [functions] package.json contents: {
  "name": "aupd-functions",
  "private": true,
  "engines": {
    "node": "20"
  },
  "main": "index.js",
  "dependencies": {
    "firebase-admin": "^13.0.0",
    "firebase-functions": "^6.0.1"
  }
}
[debug] [2026-08-16T12:07:44.391Z] Building nodejs source
[info] i  functions: Loading and analyzing source code for codebase default to determine what to deploy 
[debug] [2026-08-16T12:07:44.391Z] Could not parse firebase-functions version '' into semver.
[debug] [2026-08-16T12:07:44.392Z] Could not find functions.yaml. Must use http discovery
[debug] [2026-08-16T12:07:44.403Z] Error: Cannot find module 'firebase-functions'
Require stack:
- /Users/bogdangajevic/.nvm/versions/node/v22.21.1/lib/node_modules/firebase-tools/lib/deploy/functions/runtimes/node/index.js
- /Users/bogdangajevic/.nvm/versions/node/v22.21.1/lib/node_modules/firebase-tools/lib/deploy/functions/runtimes/index.js
- /Users/bogdangajevic/.nvm/versions/node/v22.21.1/lib/node_modules/firebase-tools/lib/deploy/functions/prepare.js
- /Users/bogdangajevic/.nvm/versions/node/v22.21.1/lib/node_modules/firebase-tools/lib/emulator/functionsEmulatorShared.js
- /Users/bogdangajevic/.nvm/versions/node/v22.21.1/lib/node_modules/firebase-tools/lib/frameworks/index.js
- /Users/bogdangajevic/.nvm/versions/node/v22.21.1/lib/node_modules/firebase-tools/lib/deploy/hosting/prepare.js
- /Users/bogdangajevic/.nvm/versions/node/v22.21.1/lib/node_modules/firebase-tools/lib/deploy/hosting/index.js
- /Users/bogdangajevic/.nvm/versions/node/v22.21.1/lib/node_modules/firebase-tools/lib/deploy/index.js
- /Users/bogdangajevic/.nvm/versions/node/v22.21.1/lib/node_modules/firebase-tools/lib/commands/deploy.js
- /Users/bogdangajevic/.nvm/versions/node/v22.21.1/lib/node_modules/firebase-tools/lib/commands/index.js
- /Users/bogdangajevic/.nvm/versions/node/v22.21.1/lib/node_modules/firebase-tools/lib/index.js
- /Users/bogdangajevic/.nvm/versions/node/v22.21.1/lib/node_modules/firebase-tools/lib/bin/cli.js
- /Users/bogdangajevic/.nvm/versions/node/v22.21.1/lib/node_modules/firebase-tools/lib/bin/firebase.js
    at Function._resolveFilename (node:internal/modules/cjs/loader:1383:15)
    at Function.resolve (node:internal/modules/helpers:157:19)
    at Delegate.findFunctionsBinary (/Users/bogdangajevic/.nvm/versions/node/v22.21.1/lib/node_modules/firebase-tools/lib/deploy/functions/runtimes/node/index.js:101:33)
    at Delegate.spawnFunctionsProcess (/Users/bogdangajevic/.nvm/versions/node/v22.21.1/lib/node_modules/firebase-tools/lib/deploy/functions/runtimes/node/index.js:131:30)
    at Delegate.serveAdmin (/Users/bogdangajevic/.nvm/versions/node/v22.21.1/lib/node_modules/firebase-tools/lib/deploy/functions/runtimes/node/index.js:152:35)
    at Delegate.discoverBuild (/Users/bogdangajevic/.nvm/versions/node/v22.21.1/lib/node_modules/firebase-tools/lib/deploy/functions/runtimes/node/index.js:192:41)
    at process.processTicksAndRejections (node:internal/process/task_queues:105:5)
    at async loadCodebases (/Users/bogdangajevic/.nvm/versions/node/v22.21.1/lib/node_modules/firebase-tools/lib/deploy/functions/prepare.js:393:33)
    at async prepare (/Users/bogdangajevic/.nvm/versions/node/v22.21.1/lib/node_modules/firebase-tools/lib/deploy/functions/prepare.js:74:24)
    at async chain (/Users/bogdangajevic/.nvm/versions/node/v22.21.1/lib/node_modules/firebase-tools/lib/deploy/index.js:45:9)
[error] 
[error] Error: An unexpected error has occurred.
